Archive member included because of file (symbol)

c:/winavr-20100110/bin/../lib/gcc/avr/4.3.3/avr51\libgcc.a(_exit.o)
                              c:/winavr-20100110/bin/../lib/gcc/avr/4.3.3/../../../../avr/lib/avr51/crtm128.o (exit)
c:/winavr-20100110/bin/../lib/gcc/avr/4.3.3/../../../../avr/lib/avr51\libc.a(malloc.o)
                              Verkeersplein.o (malloc)
c:/winavr-20100110/bin/../lib/gcc/avr/4.3.3/avr51\libgcc.a(_clear_bss.o)
                              c:/winavr-20100110/bin/../lib/gcc/avr/4.3.3/../../../../avr/lib/avr51\libc.a(malloc.o) (__do_clear_bss)

Allocating common symbols
Common symbol       size              file

__brkval            0x2               c:/winavr-20100110/bin/../lib/gcc/avr/4.3.3/../../../../avr/lib/avr51\libc.a(malloc.o)
__flp               0x2               c:/winavr-20100110/bin/../lib/gcc/avr/4.3.3/../../../../avr/lib/avr51\libc.a(malloc.o)

Memory Configuration

Name             Origin             Length             Attributes
text             0x00000000         0x00020000         xr
data             0x00800060         0x0000ffa0         rw !x
eeprom           0x00810000         0x00010000         rw !x
fuse             0x00820000         0x00000400         rw !x
lock             0x00830000         0x00000400         rw !x
signature        0x00840000         0x00000400         rw !x
*default*        0x00000000         0xffffffff

Linker script and memory map

Address of section .data set to 0x800100
LOAD c:/winavr-20100110/bin/../lib/gcc/avr/4.3.3/../../../../avr/lib/avr51/crtm128.o
LOAD Verkeersplein.o
LOAD voetgangerlicht.o
LOAD autolicht.o
LOAD list.o
LOAD scenario.o
LOAD c:/winavr-20100110/bin/../lib/gcc/avr/4.3.3/avr51\libgcc.a
LOAD c:/winavr-20100110/bin/../lib/gcc/avr/4.3.3/../../../../avr/lib/avr51\libm.a
LOAD c:/winavr-20100110/bin/../lib/gcc/avr/4.3.3/avr51\libgcc.a
LOAD c:/winavr-20100110/bin/../lib/gcc/avr/4.3.3/../../../../avr/lib/avr51\libc.a
LOAD c:/winavr-20100110/bin/../lib/gcc/avr/4.3.3/avr51\libgcc.a

.hash
 *(.hash)

.dynsym
 *(.dynsym)

.dynstr
 *(.dynstr)

.gnu.version
 *(.gnu.version)

.gnu.version_d
 *(.gnu.version_d)

.gnu.version_r
 *(.gnu.version_r)

.rel.init
 *(.rel.init)

.rela.init
 *(.rela.init)

.rel.text
 *(.rel.text)
 *(.rel.text.*)
 *(.rel.gnu.linkonce.t*)

.rela.text
 *(.rela.text)
 *(.rela.text.*)
 *(.rela.gnu.linkonce.t*)

.rel.fini
 *(.rel.fini)

.rela.fini
 *(.rela.fini)

.rel.rodata
 *(.rel.rodata)
 *(.rel.rodata.*)
 *(.rel.gnu.linkonce.r*)

.rela.rodata
 *(.rela.rodata)
 *(.rela.rodata.*)
 *(.rela.gnu.linkonce.r*)

.rel.data
 *(.rel.data)
 *(.rel.data.*)
 *(.rel.gnu.linkonce.d*)

.rela.data
 *(.rela.data)
 *(.rela.data.*)
 *(.rela.gnu.linkonce.d*)

.rel.ctors
 *(.rel.ctors)

.rela.ctors
 *(.rela.ctors)

.rel.dtors
 *(.rel.dtors)

.rela.dtors
 *(.rela.dtors)

.rel.got
 *(.rel.got)

.rela.got
 *(.rela.got)

.rel.bss
 *(.rel.bss)

.rela.bss
 *(.rela.bss)

.rel.plt
 *(.rel.plt)

.rela.plt
 *(.rela.plt)

.text           0x00000000      0x6d8
 *(.vectors)
 .vectors       0x00000000       0x8c c:/winavr-20100110/bin/../lib/gcc/avr/4.3.3/../../../../avr/lib/avr51/crtm128.o
                0x00000000                __vectors
                0x00000000                __vector_default
 *(.vectors)
 *(.progmem.gcc*)
 *(.progmem*)
                0x0000008c                . = ALIGN (0x2)
                0x0000008c                __trampolines_start = .
 *(.trampolines)
 .trampolines   0x0000008c        0x0 linker stubs
 *(.trampolines*)
                0x0000008c                __trampolines_end = .
 *(.jumptables)
 *(.jumptables*)
 *(.lowtext)
 *(.lowtext*)
                0x0000008c                __ctors_start = .
 *(.ctors)
                0x0000008c                __ctors_end = .
                0x0000008c                __dtors_start = .
 *(.dtors)
                0x0000008c                __dtors_end = .
 SORT(*)(.ctors)
 SORT(*)(.dtors)
 *(.init0)
 .init0         0x0000008c        0x0 c:/winavr-20100110/bin/../lib/gcc/avr/4.3.3/../../../../avr/lib/avr51/crtm128.o
                0x0000008c                __init
 *(.init0)
 *(.init1)
 *(.init1)
 *(.init2)
 .init2         0x0000008c        0xc c:/winavr-20100110/bin/../lib/gcc/avr/4.3.3/../../../../avr/lib/avr51/crtm128.o
 *(.init2)
 *(.init3)
 *(.init3)
 *(.init4)
 .init4         0x00000098       0x1a c:/winavr-20100110/bin/../lib/gcc/avr/4.3.3/../../../../avr/lib/avr51/crtm128.o
                0x00000098                __do_copy_data
 .init4         0x000000b2       0x10 c:/winavr-20100110/bin/../lib/gcc/avr/4.3.3/avr51\libgcc.a(_clear_bss.o)
                0x000000b2                __do_clear_bss
 *(.init4)
 *(.init5)
 *(.init5)
 *(.init6)
 *(.init6)
 *(.init7)
 *(.init7)
 *(.init8)
 *(.init8)
 *(.init9)
 .init9         0x000000c2        0x8 c:/winavr-20100110/bin/../lib/gcc/avr/4.3.3/../../../../avr/lib/avr51/crtm128.o
 *(.init9)
 *(.text)
 .text          0x000000ca        0x4 c:/winavr-20100110/bin/../lib/gcc/avr/4.3.3/../../../../avr/lib/avr51/crtm128.o
                0x000000ca                __vector_22
                0x000000ca                __vector_28
                0x000000ca                __vector_1
                0x000000ca                __vector_32
                0x000000ca                __vector_34
                0x000000ca                __vector_24
                0x000000ca                __vector_12
                0x000000ca                __bad_interrupt
                0x000000ca                __vector_6
                0x000000ca                __vector_31
                0x000000ca                __vector_3
                0x000000ca                __vector_23
                0x000000ca                __vector_30
                0x000000ca                __vector_25
                0x000000ca                __vector_11
                0x000000ca                __vector_13
                0x000000ca                __vector_17
                0x000000ca                __vector_19
                0x000000ca                __vector_7
                0x000000ca                __vector_27
                0x000000ca                __vector_5
                0x000000ca                __vector_33
                0x000000ca                __vector_4
                0x000000ca                __vector_9
                0x000000ca                __vector_2
                0x000000ca                __vector_21
                0x000000ca                __vector_15
                0x000000ca                __vector_29
                0x000000ca                __vector_8
                0x000000ca                __vector_26
                0x000000ca                __vector_14
                0x000000ca                __vector_10
                0x000000ca                __vector_16
                0x000000ca                __vector_18
                0x000000ca                __vector_20
 .text          0x000000ce      0x276 Verkeersplein.o
                0x000000ce                List<VoetgangerLicht>::komtAlVoor(VoetgangerLicht)
                0x000001de                main
                0x0000010e                List<VoetgangerLicht>::push_back(VoetgangerLicht)
 .text          0x00000344       0xe0 voetgangerlicht.o
                0x00000368                VoetgangerLicht::lichtNaarRood()
                0x00000396                VoetgangerLicht::lichtNaarGroen()
                0x0000041e                VoetgangerLicht::getPoort() const
                0x00000412                VoetgangerLicht::getRood() const
                0x00000418                VoetgangerLicht::getGroen() const
                0x00000356                VoetgangerLicht::VoetgangerLicht(unsigned char, unsigned char, unsigned char)
                0x000003c4                VoetgangerLicht::alleLichtenUit()
                0x00000344                VoetgangerLicht::VoetgangerLicht(unsigned char, unsigned char, unsigned char)
                0x000003e0                VoetgangerLicht::operator==(VoetgangerLicht&)
 .text          0x00000424       0xa2 autolicht.o
                0x0000049c                AutoLicht::AutoLicht(unsigned char, unsigned char, unsigned char, unsigned char)
                0x00000424                AutoLicht::lichtNaarOranje()
                0x00000452                AutoLicht::alleLichtenUit()
                0x00000472                AutoLicht::AutoLicht(unsigned char, unsigned char, unsigned char, unsigned char)
 .text          0x000004c6        0x0 list.o
 .text          0x000004c6        0x4 scenario.o
                0x000004c8                Scenario::Scenario(List<VoetgangerLicht*>*)
                0x000004c6                Scenario::Scenario(List<VoetgangerLicht*>*)
 .text          0x000004ca        0x0 c:/winavr-20100110/bin/../lib/gcc/avr/4.3.3/avr51\libgcc.a(_exit.o)
 .text          0x000004ca        0x0 c:/winavr-20100110/bin/../lib/gcc/avr/4.3.3/../../../../avr/lib/avr51\libc.a(malloc.o)
 .text          0x000004ca        0x0 c:/winavr-20100110/bin/../lib/gcc/avr/4.3.3/avr51\libgcc.a(_clear_bss.o)
                0x000004ca                . = ALIGN (0x2)
 *(.text.*)
 .text.libgcc   0x000004ca        0x0 c:/winavr-20100110/bin/../lib/gcc/avr/4.3.3/avr51\libgcc.a(_exit.o)
 .text.avr-libc
                0x000004ca      0x20a c:/winavr-20100110/bin/../lib/gcc/avr/4.3.3/../../../../avr/lib/avr51\libc.a(malloc.o)
                0x000004ca                malloc
                0x00000624                free
 .text.libgcc   0x000006d4        0x0 c:/winavr-20100110/bin/../lib/gcc/avr/4.3.3/avr51\libgcc.a(_clear_bss.o)
                0x000006d4                . = ALIGN (0x2)
 *(.fini9)
 .fini9         0x000006d4        0x0 c:/winavr-20100110/bin/../lib/gcc/avr/4.3.3/avr51\libgcc.a(_exit.o)
                0x000006d4                exit
                0x000006d4                _exit
 *(.fini9)
 *(.fini8)
 *(.fini8)
 *(.fini7)
 *(.fini7)
 *(.fini6)
 *(.fini6)
 *(.fini5)
 *(.fini5)
 *(.fini4)
 *(.fini4)
 *(.fini3)
 *(.fini3)
 *(.fini2)
 *(.fini2)
 *(.fini1)
 *(.fini1)
 *(.fini0)
 .fini0         0x000006d4        0x4 c:/winavr-20100110/bin/../lib/gcc/avr/4.3.3/avr51\libgcc.a(_exit.o)
 *(.fini0)
                0x000006d8                _etext = .

.data           0x00800100       0x12 load address 0x000006d8
                0x00800100                PROVIDE (__data_start, .)
 *(.data)
 .data          0x00800100        0x0 c:/winavr-20100110/bin/../lib/gcc/avr/4.3.3/../../../../avr/lib/avr51/crtm128.o
 .data          0x00800100        0x0 Verkeersplein.o
 .data          0x00800100        0x6 voetgangerlicht.o
                0x00800100                vtable for VoetgangerLicht
 .data          0x00800106        0x6 autolicht.o
                0x00800106                vtable for AutoLicht
 .data          0x0080010c        0x0 list.o
 .data          0x0080010c        0x0 scenario.o
 .data          0x0080010c        0x0 c:/winavr-20100110/bin/../lib/gcc/avr/4.3.3/avr51\libgcc.a(_exit.o)
 .data          0x0080010c        0x6 c:/winavr-20100110/bin/../lib/gcc/avr/4.3.3/../../../../avr/lib/avr51\libc.a(malloc.o)
                0x0080010e                __malloc_heap_start
                0x00800110                __malloc_heap_end
                0x0080010c                __malloc_margin
 .data          0x00800112        0x0 c:/winavr-20100110/bin/../lib/gcc/avr/4.3.3/avr51\libgcc.a(_clear_bss.o)
 *(.data*)
 *(.rodata)
 *(.rodata*)
 *(.gnu.linkonce.d*)
                0x00800112                . = ALIGN (0x2)
                0x00800112                _edata = .
                0x00800112                PROVIDE (__data_end, .)

.bss            0x00800112        0x4
                0x00800112                PROVIDE (__bss_start, .)
 *(.bss)
 .bss           0x00800112        0x0 c:/winavr-20100110/bin/../lib/gcc/avr/4.3.3/../../../../avr/lib/avr51/crtm128.o
 .bss           0x00800112        0x0 Verkeersplein.o
 .bss           0x00800112        0x0 voetgangerlicht.o
 .bss           0x00800112        0x0 autolicht.o
 .bss           0x00800112        0x0 list.o
 .bss           0x00800112        0x0 scenario.o
 .bss           0x00800112        0x0 c:/winavr-20100110/bin/../lib/gcc/avr/4.3.3/avr51\libgcc.a(_exit.o)
 .bss           0x00800112        0x0 c:/winavr-20100110/bin/../lib/gcc/avr/4.3.3/../../../../avr/lib/avr51\libc.a(malloc.o)
 .bss           0x00800112        0x0 c:/winavr-20100110/bin/../lib/gcc/avr/4.3.3/avr51\libgcc.a(_clear_bss.o)
 *(.bss*)
 *(COMMON)
 COMMON         0x00800112        0x4 c:/winavr-20100110/bin/../lib/gcc/avr/4.3.3/../../../../avr/lib/avr51\libc.a(malloc.o)
                0x00800112                __brkval
                0x00800114                __flp
                0x00800116                PROVIDE (__bss_end, .)
                0x000006d8                __data_load_start = LOADADDR (.data)
                0x000006ea                __data_load_end = (__data_load_start + SIZEOF (.data))

.noinit         0x00800116        0x0
                0x00800116                PROVIDE (__noinit_start, .)
 *(.noinit*)
                0x00800116                PROVIDE (__noinit_end, .)
                0x00800116                _end = .
                0x00800116                PROVIDE (__heap_start, .)

.eeprom         0x00810000        0x0
 *(.eeprom*)
                0x00810000                __eeprom_end = .

.fuse
 *(.fuse)
 *(.lfuse)
 *(.hfuse)
 *(.efuse)

.lock
 *(.lock*)

.signature
 *(.signature*)

.stab
 *(.stab)

.stabstr
 *(.stabstr)

.stab.excl
 *(.stab.excl)

.stab.exclstr
 *(.stab.exclstr)

.stab.index
 *(.stab.index)

.stab.indexstr
 *(.stab.indexstr)

.comment
 *(.comment)

.debug
 *(.debug)

.line
 *(.line)

.debug_srcinfo
 *(.debug_srcinfo)

.debug_sfnames
 *(.debug_sfnames)

.debug_aranges  0x00000000       0x80
 *(.debug_aranges)
 .debug_aranges
                0x00000000       0x20 Verkeersplein.o
 .debug_aranges
                0x00000020       0x20 voetgangerlicht.o
 .debug_aranges
                0x00000040       0x20 autolicht.o
 .debug_aranges
                0x00000060       0x20 scenario.o

.debug_pubnames
                0x00000000      0x267
 *(.debug_pubnames)
 .debug_pubnames
                0x00000000       0x66 Verkeersplein.o
 .debug_pubnames
                0x00000066      0x140 voetgangerlicht.o
 .debug_pubnames
                0x000001a6       0x81 autolicht.o
 .debug_pubnames
                0x00000227       0x40 scenario.o

.debug_info     0x00000000      0xce8
 *(.debug_info)
 .debug_info    0x00000000      0x567 Verkeersplein.o
 .debug_info    0x00000567      0x3eb voetgangerlicht.o
 .debug_info    0x00000952      0x23f autolicht.o
 .debug_info    0x00000b91       0x3b list.o
 .debug_info    0x00000bcc      0x11c scenario.o
 *(.gnu.linkonce.wi.*)

.debug_abbrev   0x00000000      0x5cd
 *(.debug_abbrev)
 .debug_abbrev  0x00000000      0x1d9 Verkeersplein.o
 .debug_abbrev  0x000001d9      0x1a9 voetgangerlicht.o
 .debug_abbrev  0x00000382      0x153 autolicht.o
 .debug_abbrev  0x000004d5       0x2a list.o
 .debug_abbrev  0x000004ff       0xce scenario.o

.debug_line     0x00000000      0x55a
 *(.debug_line)
 .debug_line    0x00000000      0x229 Verkeersplein.o
 .debug_line    0x00000229      0x174 voetgangerlicht.o
 .debug_line    0x0000039d      0x102 autolicht.o
 .debug_line    0x0000049f       0x3e list.o
 .debug_line    0x000004dd       0x7d scenario.o

.debug_frame    0x00000000      0x160
 *(.debug_frame)
 .debug_frame   0x00000000       0x40 Verkeersplein.o
 .debug_frame   0x00000040       0xa0 voetgangerlicht.o
 .debug_frame   0x000000e0       0x50 autolicht.o
 .debug_frame   0x00000130       0x30 scenario.o

.debug_str      0x00000000      0x55e
 *(.debug_str)
 .debug_str     0x00000000      0x31f Verkeersplein.o
                                0x363 (size before relaxing)
 .debug_str     0x0000031f      0x19b voetgangerlicht.o
                                0x260 (size before relaxing)
 .debug_str     0x000004ba       0x67 autolicht.o
                                0x15e (size before relaxing)
 .debug_str     0x00000521        0xa list.o
                                 0x64 (size before relaxing)
 .debug_str     0x0000052b       0x33 scenario.o
                                 0xe3 (size before relaxing)

.debug_loc      0x00000000      0x374
 *(.debug_loc)
 .debug_loc     0x00000000       0xb0 Verkeersplein.o
 .debug_loc     0x000000b0      0x160 voetgangerlicht.o
 .debug_loc     0x00000210      0x164 autolicht.o

.debug_macinfo
 *(.debug_macinfo)
OUTPUT(Verkeersplein.elf elf32-avr)
LOAD linker stubs
